// Jest Snapshot v1, https://goo.gl/fbAQLP

exports[`<App> renders as expected 1`] = `
<h1>
  Hello, world.
  <br />
   
  {}
</h1>
`;
