// Jest Snapshot v1, https://goo.gl/fbAQLP

exports[`<App> renders as expected 1`] = `
<div>
  <CollectionCreate
    imageFormats={
      Array [
        "png",
        "jpg",
      ]
    }
    images={Array []}
    imagesId="id"
    imagesName="images"
    uploadUrl="/"
  />
</div>
`;
